// Jest Snapshot v1, https://goo.gl/fbAQLP

exports[`Pruebas Component <FirstApp/> Debe de hacer math con el snapshot 1`] = `
<div>
  <h1>
    Hola, Soy
  </h1>
  <p>
     
    Neider Hern√°ndez
     
  </p>
  <p>
     
    Software Engineer
     
  </p>
</div>
`;
